// Jest Snapshot v1, https://goo.gl/fbAQLP

exports[`app renders correctly 1`] = `
<FlashMessage
  floating={true}
  position="bottom"
/>
`;
